// Jest Snapshot v1, https://goo.gl/fbAQLP

exports[`renders correctly 1`] = `
<View>
  <View
    accessibilityState={
      {
        "busy": undefined,
        "checked": undefined,
        "disabled": false,
        "expanded": undefined,
        "selected": undefined,
      }
    }
    accessibilityValue={
      {
        "max": undefined,
        "min": undefined,
        "now": undefined,
        "text": undefined,
      }
    }
    accessible={true}
    className="group flex items-center justify-center rounded-md web:ring-offset-background web:transition-colors web:focus-visible:outline-none web:focus-visible:ring-2 web:focus-visible:ring-ring web:focus-visible:ring-offset-2 bg-primary web:hover:opacity-90 active:opacity-90 h-10 px-4 py-2 native:h-12 native:px-5 native:py-3"
    collapsable={false}
    focusable={true}
    onBlur={[Function]}
    onClick={[Function]}
    onFocus={[Function]}
    onResponderGrant={[Function]}
    onResponderMove={[Function]}
    onResponderRelease={[Function]}
    onResponderTerminate={[Function]}
    onResponderTerminationRequest={[Function]}
    onStartShouldSetResponder={[Function]}
    role="button"
  >
    <Text
      className="text-black"
    >
      Add User
    </Text>
  </View>
</View>
`;
